10 processes
Using Round Robin
Quantum 3
Time   0 : P01 running
Time   1 : P01 running
Time   2 : P01 running
Time   3 : P01 running
Time   4 : P01 running
Time   5 : P01 finished
Time   5 : P02 running
Time   6 : P02 running
Time   7 : P02 running
Time   8 : P03 running
Time   9 : P03 running
Time  10 : P03 running
Time  11 : P03 finished
Time  11 : P02 running
Time  12 : P02 running
Time  13 : P02 running
Time  14 : P04 running
Time  15 : P04 running
Time  16 : P04 running
Time  17 : P05 running
Time  18 : P05 running
Time  19 : P05 running
Time  20 : P07 running
Time  21 : P07 running
Time  22 : P07 running
Time  23 : P02 running
Time  24 : P02 running
Time  25 : P02 running
Time  26 : P02 finished
Time  26 : P04 running
Time  27 : P04 finished
Time  27 : P05 running
Time  28 : P05 running
Time  29 : P05 running
Time  30 : P06 running
Time  31 : P06 running
Time  32 : P06 running
Time  33 : P07 running
Time  34 : P07 running
Time  35 : P07 finished
Time  35 : P08 running
Time  36 : P08 running
Time  37 : P08 running
Time  38 : P09 running
Time  39 : P09 running
Time  40 : P09 running
Time  41 : P05 running
Time  42 : P05 running
Time  43 : P05 finished
Time  43 : P06 running
Time  44 : P06 finished
Time  44 : P10 running
Time  45 : P10 running
Time  46 : P10 running
Time  47 : P08 running
Time  48 : P08 finished
Time  48 : P09 running
Time  49 : P09 running
Time  50 : P09 running
Time  51 : P10 running
Time  52 : P10 running
Time  53 : P10 running
Time  54 : P09 running
Time  55 : P09 finished
Time  55 : P10 running
Time  56 : P10 running
Time  57 : P10 running
Time  58 : P10 running
Time  59 : P10 finished
Finished at time  59

P01 wait   0 turnaround   5 response 0
P02 wait  12 turnaround  21 response 0
P03 wait   1 turnaround   4 response 1
P04 wait  14 turnaround  18 response 5
P05 wait  25 turnaround  33 response 7
P06 wait  17 turnaround  21 response 7
P07 wait  18 turnaround  23 response 8
P08 wait  19 turnaround  23 response 10
P09 wait  18 turnaround  25 response 8
P10 wait  15 turnaround  25 response 10
