5 processes
Using Round Robin
Quantum 3
Time   0 : P1 running
Time   1 : P1 running
Time   2 : P1 running
Time   3 : P2 running
Time   4 : P2 running
Time   5 : P2 running
Time   6 : P1 running
Time   7 : P1 running
Time   8 : P1 finished
Time   8 : P2 running
Time   9 : P2 running
Time  10 : P2 running
Time  11 : P3 running
Time  12 : P3 running
Time  13 : P3 running
Time  14 : P3 finished
Time  14 : P5 running
Time  15 : P5 finished
Time  15 : P2 running
Time  16 : P2 running
Time  17 : P2 running
Time  18 : P2 finished
Time  18 : P4 running
Time  19 : P4 running
Time  20 : P4 running
Time  21 : P4 running
Time  22 : P4 finished
Finished at time  22

P1 wait   3 turnaround   8 response 0
P3 wait   2 turnaround   5 response 2
P5 wait   3 turnaround   4 response 3
P2 wait   7 turnaround  16 response 1
P4 wait   4 turnaround   8 response 4
